root@RainYun-dEythETm:~/goodtxt# curl http://localhost:8000/health
curl: (7) Failed to connect to localhost port 8000 after 0 ms: Couldn't connect to server
root@RainYun-dEythETm:~/goodtxt# docker-compose logs --tail=20 backend
goodtxt-backend  |   File "/app/src/config/settings.py", line 132, in __init__
goodtxt-backend  |     self.security = SecurityConfig()
goodtxt-backend  |                     ^^^^^^^^^^^^^^^^
goodtxt-backend  |   File "/app/src/config/settings.py", line 32, in __init__
goodtxt-backend  |     raise ValueError("生产环境必须设置强JWT密钥！")
goodtxt-backend  | ValueError: 生产环境必须设置强JWT密钥！
goodtxt-backend  | /app/src/config/settings.py:28: UserWarning: 警告：使用默认JWT密钥，存在安全风险！
goodtxt-backend  |   warnings.warn("警告：使用默认JWT密钥，存在安全风险！", UserWarning)
goodtxt-backend  | Traceback (most recent call last):
goodtxt-backend  |   File "/app/main.py", line 9, in <module>
goodtxt-backend  |     from src.config.settings import Settings
goodtxt-backend  |   File "/app/src/config/settings.py", line 230, in <module>
goodtxt-backend  |     settings = Settings()
goodtxt-backend  |                ^^^^^^^^^^
goodtxt-backend  |   File "/app/src/config/settings.py", line 132, in __init__
goodtxt-backend  |     self.security = SecurityConfig()
goodtxt-backend  |                     ^^^^^^^^^^^^^^^^
goodtxt-backend  |   File "/app/src/config/settings.py", line 32, in __init__
goodtxt-backend  |     raise ValueError("生产环必须设置强JWT密钥！")
goodtxt-backend  | ValueError: 生产环境必须设置强JWT密钥！
root@RainYun-dEythETm:~/goodtxt# docker-compose logs --since=5m backend
goodtxt-backend  | /app/src/config/settings.py:28: UserWarning: 警告：使用默认JWT密钥，存在安全风险！
goodtxt-backend  |   warnings.warn("警告：使用默认JWT密钥，存在安全风险！", UserWarning)
goodtxt-backend  | Traceback (most recent call last):
goodtxt-backend  |   File "/app/main.py", line 9, in <module>
goodtxt-backend  |     from src.config.settings import Settings
goodtxt-backend  |   File "/app/src/config/settings.py", line 230, in <module>
goodtxt-backend  |     settings = Settings()
goodtxt-backend  |                ^^^^^^^^^^
goodtxt-backend  |   File "/app/src/config/settings.py", line 132, in __init__
goodtxt-backend  |     self.security = SecurityConfig()
goodtxt-backend  |                     ^^^^^^^^^^^^^^^^
goodtxt-backend  |   File "/app/src/config/settings.py", line 32, in __init__
goodtxt-backend  |     raise ValueError("生产环必须设置强JWT密钥！")
goodtxt-backend  | ValueError: 生产环境必须设置强JWT密钥！
goodtxt-backend  | /app/src/config/settings.py:28: UserWarning: 警告：使用默认JWT密钥，存在安全风险！
goodtxt-backend  |   warnings.warn("警告：使用默认JWT密钥，存在安全风险！", UserWarning)
goodtxt-backend  | Traceback (most recent call last):
goodtxt-backend  |   File "/app/main.py", line 9, in <module>
goodtxt-backend  |     from src.config.settings import Settings
goodtxt-backend  |   File "/app/src/config/settings.py", line 230, in <module>
goodtxt-backend  |     settings = Settings()
goodtxt-backend  |                ^^^^^^^^^^
goodtxt-backend  |   File "/app/src/config/settings.py", line 132, in __init__
goodtxt-backend  |     self.security = SecurityConfig()
goodtxt-backend  |                     ^^^^^^^^^^^^^^^^
goodtxt-backend  |   File "/app/src/config/settings.py", line 32, in __init__
goodtxt-backend  |     raise ValueError("生产环境必须设置强JWT密钥！")
goodtxt-backend  | ValueError: 生产环境必须设置强JWT密钥！
goodtxt-backend  | /app/src/config/settings.py:28: UserWarning: 警告：使用默认JWT密钥，存在安全风险！
goodtxt-backend  |   warnings.warn("警告：使用默认JWT密钥，存在安全风险！", UserWarning)
goodtxt-backend  | Traceback (most recent call last):
goodtxt-backend  |   File "/app/main.py", line 9, in <module>
goodtxt-backend  |     from src.config.settings import Settings
goodtxt-backend  |   File "/app/src/config/settings.py", line 230, in <module>
goodtxt-backend  |     settings = Settings()
goodtxt-backend  |                ^^^^^^^^^^
goodtxt-backend  |   File "/app/src/config/settings.py", line 132, in __init__
goodtxt-backend  |     self.security = SecurityConfig()
goodtxt-backend  |                     ^^^^^^^^^^^^^^^^
goodtxt-backend  |   File "/app/src/config/settings.py", line 32, in __init__
goodtxt-backend  |     raise ValueError("生产环境必须设置强JWT密钥！")
goodtxt-backend  | ValueError: 生产环境必须设置强JWT密钥！
goodtxt-backend  | /app/src/config/settings.py:28: UserWarning: 警告：使用默认JWT密钥，存在安全风险！
goodtxt-backend  |   warnings.warn("警告：使用默认JWT密钥，存在安全风险！", UserWarning)
goodtxt-backend  | Traceback (most recent call last):
goodtxt-backend  |   File "/app/main.py", line 9, in <module>
goodtxt-backend  |     from src.config.settings import Settings
goodtxt-backend  |   File "/app/src/config/settings.py", line 230, in <module>
goodtxt-backend  |     settings = Settings()
goodtxt-backend  |                ^^^^^^^^^^
goodtxt-backend  |   File "/app/src/config/settings.py", line 132, in __init__
goodtxt-backend  |     self.security = SecurityConfig()
goodtxt-backend  |                     ^^^^^^^^^^^^^^^^
goodtxt-backend  |   File "/app/src/config/settings.py", line 32, in __init__
goodtxt-backend  |     raise ValueError("生产环境必须设置强JWT密钥！")
goodtxt-backend  | ValueError: 生产环境必须设置强JWT密钥！
goodtxt-backend  | /app/src/config/settings.py:28: UserWarning: 警告：使用默认JWT密钥，存在安全风险！
goodtxt-backend  |   warnings.warn("警告：使用默认JWT密钥，存在安全风险！", UserWarning)
goodtxt-backend  | Traceback (most recent call last):
goodtxt-backend  |   File "/app/main.py", line 9, in <module>
goodtxt-backend  |     from src.config.settings import Settings
goodtxt-backend  |   File "/app/src/config/settings.py", line 230, in <module>
goodtxt-backend  |     settings = Settings()
goodtxt-backend  |                ^^^^^^^^^^
goodtxt-backend  |   File "/app/src/config/settings.py", line 132, in __init__
goodtxt-backend  |     self.security = SecurityConfig()
goodtxt-backend  |                     ^^^^^^^^^^^^^^^^
goodtxt-backend  |   File "/app/src/config/settings.py", line 32, in __init__
goodtxt-backend  |     raise ValueError("生产环境必须设置强JWT密钥！")
goodtxt-backend  | ValueError: 生产环境必须设置强JWT密钥！
goodtxt-backend  | /app/src/config/settings.py:28: UserWarning: 警告：使用默认JWT密钥，存在安全风险！
goodtxt-backend  |   warnings.warn("警告：使用默认JWT密钥，存在安全风险！", UserWarning)
goodtxt-backend  | Traceback (most recent call last):
goodtxt-backend  |   File "/app/main.py", line 9, in <module>
goodtxt-backend  |     from src.config.settings import Settings
goodtxt-backend  |   File "/app/src/config/settings.py", line 230, in <module>
goodtxt-backend  |     settings = Settings()
goodtxt-backend  |                ^^^^^^^^^^
goodtxt-backend  |   File "/app/src/config/settings.py", line 132, in __init__
goodtxt-backend  |     self.security = SecurityConfig()
goodtxt-backend  |                     ^^^^^^^^^^^^^^^^
goodtxt-backend  |   File "/app/src/config/settings.py", line 32, in __init__
goodtxt-backend  |     raise ValueError("生产环境必须设置强JWT密钥！")
goodtxt-backend  | ValueError: 生产环境必须设置强JWT密钥！
goodtxt-backend  | /app/src/config/settings.py:28: UserWarning: 警告：使用默认JWT密钥，存在安全风险！
goodtxt-backend  |   warnings.warn("警告：使用默认JWT密钥，存在安全风险！", UserWarning)
goodtxt-backend  | Traceback (most recent call last):
goodtxt-backend  |   File "/app/main.py", line 9, in <module>
goodtxt-backend  |     from src.config.settings import Settings
goodtxt-backend  |   File "/app/src/config/settings.py", line 230, in <module>
goodtxt-backend  |     settings = Settings()
goodtxt-backend  |                ^^^^^^^^^^
goodtxt-backend  |   File "/app/src/config/settings.py", line 132, in __init__
goodtxt-backend  |     self.security = SecurityConfig()
goodtxt-backend  |                     ^^^^^^^^^^^^^^^^
goodtxt-backend  |   File "/app/src/config/settings.py", line 32, in __init__
goodtxt-backend  |     raise ValueError("生产环境必须设置强JWT密钥！")
goodtxt-backend  | ValueError: 生产环境必须设置强JWT密钥！
goodtxt-backend  | /app/src/config/settings.py:28: UserWarning: 警告：使用默认JWT密钥，存在安全风险！
goodtxt-backend  |   warnings.warn("警告：使用默认JWT密钥，存在安全风险！", UserWarning)
goodtxt-backend  | Traceback (most recent call last):
goodtxt-backend  |   File "/app/main.py", line 9, in <module>
goodtxt-backend  |     from src.config.settings import Settings
goodtxt-backend  |   File "/app/src/config/settings.py", line 230, in <module>
goodtxt-backend  |     settings = Settings()
goodtxt-backend  |                ^^^^^^^^^^
goodtxt-backend  |   File "/app/src/config/settings.py", line 132, in __init__
goodtxt-backend  |     self.security = SecurityConfig()
goodtxt-backend  |                     ^^^^^^^^^^^^^^^^
goodtxt-backend  |   File "/app/src/config/settings.py", line 32, in __init__
goodtxt-backend  |     raise ValueError("生产环境必须设置强JWT密钥！")
goodtxt-backend  | ValueError: 生产环境必须设置强JWT密钥！
goodtxt-backend  | /app/src/config/settings.py:28: UserWarning: 警告：使用默认JWT密钥，存在安全险！
goodtxt-backend  |   warnings.warn("警告：使用默认JWT密钥，存在安全风险！", UserWarning)
goodtxt-backend  | Traceback (most recent call last):
goodtxt-backend  |   File "/app/main.py", line 9, in <module>
goodtxt-backend  |     from src.config.settings import Settings
goodtxt-backend  |   File "/app/src/config/settings.py", line 230, in <module>
goodtxt-backend  |     settings = Settings()
goodtxt-backend  |                ^^^^^^^^^^
goodtxt-backend  |   File "/app/src/config/settings.py", line 132, in __init__
goodtxt-backend  |     self.security = SecurityConfig()
goodtxt-backend  |                     ^^^^^^^^^^^^^^^^
goodtxt-backend  |   File "/app/src/config/settings.py", line 32, in __init__
goodtxt-backend  |     raise ValueError("生产环境必须设置强JWT密钥！")
goodtxt-backend  | ValueError: 生产环境必须设置强JWT密钥！
goodtxt-backend  | /app/src/config/settings.py:28: UserWarning: 警告：使用默认JWT密钥，存在安全风险！
goodtxt-backend  |   warnings.warn("警告：使用默认JWT密钥，存在安全风险！", UserWarning)
goodtxt-backend  | Traceback (most recent call last):
goodtxt-backend  |   File "/app/main.py", line 9, in <module>
goodtxt-backend  |     from src.config.settings import Settings
goodtxt-backend  |   File "/app/src/config/settings.py", line 230, in <module>
goodtxt-backend  |     settings = Settings()
goodtxt-backend  |                ^^^^^^^^^^
goodtxt-backend  |   File "/app/src/config/settings.py", line 132, in __init__
goodtxt-backend  |     self.security = SecurityConfig()
goodtxt-backend  |                     ^^^^^^^^^^^^^^^^
goodtxt-backend  |   File "/app/src/config/settings.py", line 32, in __init__
goodtxt-backend  |     raise ValueError("生产环境必须设置强JWT密钥！")
goodtxt-backend  | ValueError: 生产环境必须设置强JWT密钥！
goodtxt-backend  | /app/src/config/settings.py:28: UserWarning: 警告：使用默认JWT密钥，存在安全风险！
goodtxt-backend  |   warnings.warn("警告：使用默认JWT密钥，存在安全风险！", UserWarning)
goodtxt-backend  | Traceback (most recent call last):
goodtxt-backend  |   File "/app/main.py", line 9, in <module>
goodtxt-backend  |     from src.config.settings import Settings
goodtxt-backend  |   File "/app/src/config/settings.py", line 230, in <module>
goodtxt-backend  |     settings = Settings()
goodtxt-backend  |                ^^^^^^^^^^
goodtxt-backend  |   File "/app/src/config/settings.py", line 132, in __init__
goodtxt-backend  |     self.security = SecurityConfig()
goodtxt-backend  |                     ^^^^^^^^^^^^^^^^
goodtxt-backend  |   File "/app/src/config/settings.py", line 32, in __init__
goodtxt-backend  |     raise ValueError("生产环境必须设置强JWT密钥！")
goodtxt-backend  | ValueError: 生产环境必须设置强JWT密钥！
goodtxt-backend  | /app/src/config/settings.py:28: UserWarning: 警告：使用默认JWT密钥，存在安全风险！
goodtxt-backend  |   warnings.warn("警告：使用默认JWT密钥，存在安全风险！", UserWarning)
goodtxt-backend  | Traceback (most recent call last):
goodtxt-backend  |   File "/app/main.py", line 9, in <module>
goodtxt-backend  |     from src.config.settings import Settings
goodtxt-backend  |   File "/app/src/config/settings.py", line 230, in <module>
goodtxt-backend  |     settings = Settings()
goodtxt-backend  |                ^^^^^^^^^^
goodtxt-backend  |   File "/app/src/config/settings.py", line 132, in __init__
goodtxt-backend  |     self.security = SecurityConfig()
goodtxt-backend  |                     ^^^^^^^^^^^^^^^^
goodtxt-backend  |   File "/app/src/config/settings.py", line 32, in __init__
goodtxt-backend  |     raise ValueError("生产环境必须设置强JWT密钥！")
goodtxt-backend  | ValueError: 生产环境必须设置强JWT密钥！
goodtxt-backend  | /app/src/config/settings.py:28: UserWarning: 警告：使用默认JWT密钥，存在安全风险！
goodtxt-backend  |   warnings.warn("警告：使用默认JWT密钥，存在安全风险！", UserWarning)
goodtxt-backend  | Traceback (most recent call last):
goodtxt-backend  |   File "/app/main.py", line 9, in <module>
goodtxt-backend  |     from src.config.settings import Settings
goodtxt-backend  |   File "/app/src/config/settings.py", line 230, in <module>
goodtxt-backend  |     settings = Settings()
goodtxt-backend  |                ^^^^^^^^^^
goodtxt-backend  |   File "/app/src/config/settings.py", line 132, in __init__
goodtxt-backend  |     self.security = SecurityConfig()
goodtxt-backend  |                     ^^^^^^^^^^^^^^^^
goodtxt-backend  |   File "/app/src/config/settings.py", line 32, in __init__
goodtxt-backend  |     raise ValueError("生产环境必须设置强JWT密钥！")
goodtxt-backend  | ValueError: 生产环境必须设置强JWT密钥！
root@RainYun-dEythETm:~/goodtxt# docker-compose exec backend ls -la
Error response from daemon: Container b20efb2addff672bc5c9f0b2c1f457c88310f06c3cb457909b029472dc99e282 is restarting, wait until the container is running
root@RainYun-dEythETm:~/goodtxt# docker-compose exec backend ls -la main.py
Error response from daemon: Container b20efb2addff672bc5c9f0b2c1f457c88310f06c3cb457909b029472dc99e282 is restarting, wait until the container is running
root@RainYun-dEythETm:~/goodtxt# docker-compose exec backend ls -la src/
Error response from daemon: Container b20efb2addff672bc5c9f0b2c1f457c88310f06c3cb457909b029472dc99e282 is restarting, wait until the container is running
root@RainYun-dEythETm:~/goodtxt# docker-compose exec backend python main.py
root@RainYun-dEythETm:~/goodtxt# 